# vsim -sv_seed 1 -voptargs="+acc" -assertdebug -c testbench -do " log -r /*;run -all;" -l TX_reset_on_the_fly_1.log "+UVM_TESTNAME=TX_reset_on_the_fly" "+UVM_VERBOSITY=UVM_HIGH" 
# Start time: 15:07:09 on Aug 04,2026
# Loading /tmp/vannghia_1108@ictc-eda-ldap.ipa.test_dpi_109354/linux_x86_64_gcc-11/export_tramp.so
# ** Note: (vsim-3813) Design is being optimized due to module recompilation...
# //  Questa Sim-64
# //  Version 10.6d_1 linux_x86_64 Apr 11 2018
# //
# //  Copyright 1991-2018 Mentor Graphics Corporation
# //  All Rights Reserved.
# //
# //  QuestaSim and its associated documentation contain trade
# //  secrets and commercial or financial information that are the property of
# //  Mentor Graphics Corporation and are privileged, confidential,
# //  and exempt from disclosure under the Freedom of Information Act,
# //  5 U.S.C. Section 552. Furthermore, this information
# //  is prohibited from disclosure under the Trade Secrets Act,
# //  18 U.S.C. Section 1905.
# //
# Loading sv_std.std
# Loading work.uart_if(fast)
# Loading work.ahb_if(fast)
# Loading work.uvm_pkg(fast)
# Loading work.ahb_pkg(fast)
# ** Note: (vsim-8785) UVM-aware debugging capabilities will be disabled since no compiled "questa_uvm_pkg" can be found.
# This also means that later if you turn on UVM-aware debugging your debug simulations may have
# different random seeds from your non-debug simulations.
# Loading work.uart_pkg(fast)
# Loading work.seq_pkg(fast)
# Loading work.uart_register_pkg(fast)
# Loading work.uart_regmodel_pkg(fast)
# Loading work.env_pkg(fast)
# Loading work.test_pkg(fast)
# Loading work.testbench(fast)
# Loading work.ahb_if(fast)
# Loading work.uart_if(fast)
# Loading work.uart_top(fast)
# Loading work.cmsdk_ahb_to_apb(fast)
# Loading work.apb_decoder(fast)
# Loading work.uart_fifo(fast)
# Loading work.uart_transmitter(fast)
# Loading work.uart_receiver(fast)
# Loading work.uart_interrupt(fast)
# Loading work.baud_generator(fast)
# Compiling /tmp/vannghia_1108@ictc-eda-ldap.ipa.test_dpi_109354/linux_x86_64_gcc-5.3.0/exportwrapper.c
# Compiling /tmp/vannghia_1108@ictc-eda-ldap.ipa.test_dpi_109354/linux_x86_64_gcc-11/exportwrapper.c
# Loading /tmp/vannghia_1108@ictc-eda-ldap.ipa.test_dpi_109354/linux_x86_64_gcc-11/vsim_auto_compile.so
#  log -r /*
# run -all
# UVM_INFO /ictc/other/tools/QuestaDVA/questasim/verilog_src/uvm-1.2/src/base/uvm_root.svh(392) @ 0: reporter [UVM/RELNOTES] 
# ----------------------------------------------------------------
# UVM-1.2
# (C) 2007-2014 Mentor Graphics Corporation
# (C) 2007-2014 Cadence Design Systems, Inc.
# (C) 2006-2014 Synopsys, Inc.
# (C) 2011-2013 Cypress Semiconductor Corp.
# (C) 2013-2014 NVIDIA Corporation
# ----------------------------------------------------------------
# 
#   ***********       IMPORTANT RELEASE NOTES         ************
# 
#   You are using a version of the UVM library that has been compiled
#   with `UVM_NO_DEPRECATED undefined.
#   See http://www.eda.org/svdb/view.php?id=3313 for more details.
# 
#   You are using a version of the UVM library that has been compiled
#   with `UVM_OBJECT_DO_NOT_NEED_CONSTRUCTOR undefined.
#   See http://www.eda.org/svdb/view.php?id=3770 for more details.
# 
#       (Specify +UVM_NO_RELNOTES to turn off this notice)
# 
# UVM_INFO /ictc/other/tools/QuestaDVA/questasim/verilog_src/uvm-1.2/src/base/uvm_root.svh(453) @ 0: reporter [NO_DPI_TSTNAME] UVM_NO_DPI defined--getting UVM_TESTNAME directly, without DPI
# UVM_WARNING @ 0: reporter [BDTYP] Cannot create a component of type 'TX_reset_on_the_fly' because it is not registered with the factory.
# UVM_FATAL @ 0: reporter [INVTST] Requested test from command line +UVM_TESTNAME=TX_reset_on_the_fly not found.
# UVM_INFO /ictc/other/tools/QuestaDVA/questasim/verilog_src/uvm-1.2/src/base/uvm_report_server.svh(847) @ 0: reporter [UVM/REPORT/SERVER] 
# --- UVM Report Summary ---
# 
# ** Report counts by severity
# UVM_INFO :    2
# UVM_WARNING :    1
# UVM_ERROR :    0
# UVM_FATAL :    1
# ** Report counts by id
# [BDTYP]     1
# [INVTST]     1
# [NO_DPI_TSTNAME]     1
# [UVM/RELNOTES]     1
# 
# ** Note: $finish    : /ictc/other/tools/QuestaDVA/questasim/verilog_src/uvm-1.2/src/base/uvm_root.svh(135)
#    Time: 0 ns  Iteration: 0  Instance: /testbench
# End time: 15:07:27 on Aug 04,2026, Elapsed time: 0:00:18
# Errors: 0, Warnings: 0
