  CREATE_STREAM @1010000 {NAME:seq T:Transactions SCOPE:uvm_test_top.env.uart_agt.seq STREAM:1325}
  CREATE_STREAM @1010000 {NAME:seq T:Transactions SCOPE:uvm_test_top.env.uart_agt.seq STREAM:1325}
  CREATE_STREAM @1010000 {NAME:seq T:Transactions SCOPE:uvm_test_top.env.uart_agt.seq STREAM:1325}
  CREATE_STREAM @1010000 {NAME:seq T:Transactions SCOPE:uvm_test_top.env.uart_agt.seq STREAM:1325}
  CREATE_STREAM @1010000 {NAME:seq T:Transactions SCOPE:uvm_test_top.env.uart_agt.seq STREAM:1325}
  CREATE_STREAM @1010000 {NAME:seq T:Transactions SCOPE:uvm_test_top.env.uart_agt.seq STREAM:1325}
  CREATE_STREAM @1010000 {NAME:seq T:Transactions SCOPE:uvm_test_top.env.uart_agt.seq STREAM:1325}
  CREATE_STREAM @1010000 {NAME:seq T:Transactions SCOPE:uvm_test_top.env.uart_agt.seq STREAM:1325}
  CREATE_STREAM @1010000 {NAME:seq T:Transactions SCOPE:uvm_test_top.env.uart_agt.seq STREAM:1325}
  CREATE_STREAM @1010000 {NAME:seq T:Transactions SCOPE:uvm_test_top.env.uart_agt.seq STREAM:1325}
  CREATE_STREAM @1010000 {NAME:seq T:Transactions SCOPE:uvm_test_top.env.uart_agt.seq STREAM:1325}
  CREATE_STREAM @10000 {NAME:write_seq T:Transactions SCOPE:uvm_test_top.env.ahb_agt.seq STREAM:1077}
  CREATE_STREAM @10000 {NAME:write_seq T:Transactions SCOPE:uvm_test_top.env.ahb_agt.seq STREAM:1083}
  CREATE_STREAM @11000 {NAME:read_seq T:Transactions SCOPE:uvm_test_top.env.ahb_agt.seq STREAM:1387}
  CREATE_STREAM @10000 {NAME:write_reserved_seq T:Transactions SCOPE:uvm_test_top.env.ahb_agt.seq STREAM:1095}
  CREATE_STREAM @11000 {NAME:read_reserved_seq T:Transactions SCOPE:uvm_test_top.env.ahb_agt.seq STREAM:1399}
  CREATE_STREAM @11000 {NAME:write_seq T:Transactions SCOPE:uvm_test_top.env.ahb_agt.seq STREAM:1701}
  CREATE_STREAM @12000 {NAME:read_seq T:Transactions SCOPE:uvm_test_top.env.ahb_agt.seq STREAM:2057}
  CREATE_STREAM @10000 {NAME:write_reserved_seq T:Transactions SCOPE:uvm_test_top.env.ahb_agt.seq STREAM:1095}
  CREATE_STREAM @11000 {NAME:read_reserved_seq T:Transactions SCOPE:uvm_test_top.env.ahb_agt.seq STREAM:1399}
  CREATE_STREAM @11000 {NAME:write_seq T:Transactions SCOPE:uvm_test_top.env.ahb_agt.seq STREAM:1701}
  CREATE_STREAM @12000 {NAME:read_seq T:Transactions SCOPE:uvm_test_top.env.ahb_agt.seq STREAM:2057}
